// Vitest Snapshot v1, https://vitest.dev/guide/snapshot.html

exports[`WalletActionsModals > should render \`delete-wallet\` modal 1`] = `[Function]`;

exports[`WalletActionsModals > should render \`receive-funds\` modal 1`] = `[Function]`;

exports[`WalletActionsModals > should render \`transaction-history\` modal 1`] = `[Function]`;

exports[`WalletActionsModals > should render \`wallet-name\` modal 1`] = `[Function]`;
