// Vitest Snapshot v1, https://vitest.dev/guide/snapshot.html

exports[`NotificationsTransactionTable > should render skeleton for small screens 1`] = `
<DocumentFragment>
  <div
    class="table-wrapper"
    role="table"
  >
    <table
      cellpadding="0"
      class="w-full table-auto"
    >
      <tbody
        role="rowgroup"
      >
        <tr
          class="border-b border-dashed transition-colors duration-100 last:border-b-0 border-theme-secondary-300 group dark:border-theme-secondary-800"
          data-testid="TableRow"
        >
          <td
            class="flex-col py-4 px-6 space-y-4"
            data-testid="TransactionRow__skeleton__mobile"
          >
            <div
              class="flex justify-between items-center space-x-4"
            >
              <div
                class="relative m-0 font-semibold text-left select-none first:pl-0 last:pr-0 text-md group border-theme-secondary-300 text-theme-secondary-700 dark:border-theme-secondary-800 dark:text-theme-secondary-500"
              >
                Address
              </div>
              <span
                aria-busy="true"
                aria-live="polite"
                class="flex overflow-hidden items-center w-auto max-w-full leading-none"
              >
                <span
                  class="react-loading-skeleton"
                  style="width: 1px; height: 16px;"
                >
                  ‌
                </span>
                <br />
              </span>
            </div>
            <div
              class="flex justify-between items-center space-x-4"
            >
              <div
                class="relative m-0 font-semibold text-left select-none first:pl-0 last:pr-0 text-md group border-theme-secondary-300 text-theme-secondary-700 dark:border-theme-secondary-800 dark:text-theme-secondary-500"
              >
                Amount
              </div>
              <span
                aria-busy="true"
                aria-live="polite"
                class="flex overflow-hidden items-center w-auto max-w-full leading-none"
              >
                <span
                  class="react-loading-skeleton"
                  style="width: 1px; height: 16px;"
                >
                  ‌
                </span>
                <br />
              </span>
            </div>
          </td>
        </tr>
        <tr
          class="border-b border-dashed transition-colors duration-100 last:border-b-0 border-theme-secondary-300 group dark:border-theme-secondary-800"
          data-testid="TableRow"
        >
          <td
            class="flex-col py-4 px-6 space-y-4"
            data-testid="TransactionRow__skeleton__mobile"
          >
            <div
              class="flex justify-between items-center space-x-4"
            >
              <div
                class="relative m-0 font-semibold text-left select-none first:pl-0 last:pr-0 text-md group border-theme-secondary-300 text-theme-secondary-700 dark:border-theme-secondary-800 dark:text-theme-secondary-500"
              >
                Address
              </div>
              <span
                aria-busy="true"
                aria-live="polite"
                class="flex overflow-hidden items-center w-auto max-w-full leading-none"
              >
                <span
                  class="react-loading-skeleton"
                  style="width: 1px; height: 16px;"
                >
                  ‌
                </span>
                <br />
              </span>
            </div>
            <div
              class="flex justify-between items-center space-x-4"
            >
              <div
                class="relative m-0 font-semibold text-left select-none first:pl-0 last:pr-0 text-md group border-theme-secondary-300 text-theme-secondary-700 dark:border-theme-secondary-800 dark:text-theme-secondary-500"
              >
                Amount
              </div>
              <span
                aria-busy="true"
                aria-live="polite"
                class="flex overflow-hidden items-center w-auto max-w-full leading-none"
              >
                <span
                  class="react-loading-skeleton"
                  style="width: 1px; height: 16px;"
                >
                  ‌
                </span>
                <br />
              </span>
            </div>
          </td>
        </tr>
        <tr
          class="border-b border-dashed transition-colors duration-100 last:border-b-0 border-theme-secondary-300 group dark:border-theme-secondary-800"
          data-testid="TableRow"
        >
          <td
            class="flex-col py-4 px-6 space-y-4"
            data-testid="TransactionRow__skeleton__mobile"
          >
            <div
              class="flex justify-between items-center space-x-4"
            >
              <div
                class="relative m-0 font-semibold text-left select-none first:pl-0 last:pr-0 text-md group border-theme-secondary-300 text-theme-secondary-700 dark:border-theme-secondary-800 dark:text-theme-secondary-500"
              >
                Address
              </div>
              <span
                aria-busy="true"
                aria-live="polite"
                class="flex overflow-hidden items-center w-auto max-w-full leading-none"
              >
                <span
                  class="react-loading-skeleton"
                  style="width: 1px; height: 16px;"
                >
                  ‌
                </span>
                <br />
              </span>
            </div>
            <div
              class="flex justify-between items-center space-x-4"
            >
              <div
                class="relative m-0 font-semibold text-left select-none first:pl-0 last:pr-0 text-md group border-theme-secondary-300 text-theme-secondary-700 dark:border-theme-secondary-800 dark:text-theme-secondary-500"
              >
                Amount
              </div>
              <span
                aria-busy="true"
                aria-live="polite"
                class="flex overflow-hidden items-center w-auto max-w-full leading-none"
              >
                <span
                  class="react-loading-skeleton"
                  style="width: 1px; height: 16px;"
                >
                  ‌
                </span>
                <br />
              </span>
            </div>
          </td>
        </tr>
        <tr
          class="border-b border-dashed transition-colors duration-100 last:border-b-0 border-theme-secondary-300 group dark:border-theme-secondary-800"
          data-testid="TableRow"
        >
          <td
            class="flex-col py-4 px-6 space-y-4"
            data-testid="TransactionRow__skeleton__mobile"
          >
            <div
              class="flex justify-between items-center space-x-4"
            >
              <div
                class="relative m-0 font-semibold text-left select-none first:pl-0 last:pr-0 text-md group border-theme-secondary-300 text-theme-secondary-700 dark:border-theme-secondary-800 dark:text-theme-secondary-500"
              >
                Address
              </div>
              <span
                aria-busy="true"
                aria-live="polite"
                class="flex overflow-hidden items-center w-auto max-w-full leading-none"
              >
                <span
                  class="react-loading-skeleton"
                  style="width: 1px; height: 16px;"
                >
                  ‌
                </span>
                <br />
              </span>
            </div>
            <div
              class="flex justify-between items-center space-x-4"
            >
              <div
                class="relative m-0 font-semibold text-left select-none first:pl-0 last:pr-0 text-md group border-theme-secondary-300 text-theme-secondary-700 dark:border-theme-secondary-800 dark:text-theme-secondary-500"
              >
                Amount
              </div>
              <span
                aria-busy="true"
                aria-live="polite"
                class="flex overflow-hidden items-center w-auto max-w-full leading-none"
              >
                <span
                  class="react-loading-skeleton"
                  style="width: 1px; height: 16px;"
                >
                  ‌
                </span>
                <br />
              </span>
            </div>
          </td>
        </tr>
        <tr
          class="border-b border-dashed transition-colors duration-100 last:border-b-0 border-theme-secondary-300 group dark:border-theme-secondary-800"
          data-testid="TableRow"
        >
          <td
            class="flex-col py-4 px-6 space-y-4"
            data-testid="TransactionRow__skeleton__mobile"
          >
            <div
              class="flex justify-between items-center space-x-4"
            >
              <div
                class="relative m-0 font-semibold text-left select-none first:pl-0 last:pr-0 text-md group border-theme-secondary-300 text-theme-secondary-700 dark:border-theme-secondary-800 dark:text-theme-secondary-500"
              >
                Address
              </div>
              <span
                aria-busy="true"
                aria-live="polite"
                class="flex overflow-hidden items-center w-auto max-w-full leading-none"
              >
                <span
                  class="react-loading-skeleton"
                  style="width: 1px; height: 16px;"
                >
                  ‌
                </span>
                <br />
              </span>
            </div>
            <div
              class="flex justify-between items-center space-x-4"
            >
              <div
                class="relative m-0 font-semibold text-left select-none first:pl-0 last:pr-0 text-md group border-theme-secondary-300 text-theme-secondary-700 dark:border-theme-secondary-800 dark:text-theme-secondary-500"
              >
                Amount
              </div>
              <span
                aria-busy="true"
                aria-live="polite"
                class="flex overflow-hidden items-center w-auto max-w-full leading-none"
              >
                <span
                  class="react-loading-skeleton"
                  style="width: 1px; height: 16px;"
                >
                  ‌
                </span>
                <br />
              </span>
            </div>
          </td>
        </tr>
        <tr
          class="border-b border-dashed transition-colors duration-100 last:border-b-0 border-theme-secondary-300 group dark:border-theme-secondary-800"
          data-testid="TableRow"
        >
          <td
            class="flex-col py-4 px-6 space-y-4"
            data-testid="TransactionRow__skeleton__mobile"
          >
            <div
              class="flex justify-between items-center space-x-4"
            >
              <div
                class="relative m-0 font-semibold text-left select-none first:pl-0 last:pr-0 text-md group border-theme-secondary-300 text-theme-secondary-700 dark:border-theme-secondary-800 dark:text-theme-secondary-500"
              >
                Address
              </div>
              <span
                aria-busy="true"
                aria-live="polite"
                class="flex overflow-hidden items-center w-auto max-w-full leading-none"
              >
                <span
                  class="react-loading-skeleton"
                  style="width: 1px; height: 16px;"
                >
                  ‌
                </span>
                <br />
              </span>
            </div>
            <div
              class="flex justify-between items-center space-x-4"
            >
              <div
                class="relative m-0 font-semibold text-left select-none first:pl-0 last:pr-0 text-md group border-theme-secondary-300 text-theme-secondary-700 dark:border-theme-secondary-800 dark:text-theme-secondary-500"
              >
                Amount
              </div>
              <span
                aria-busy="true"
                aria-live="polite"
                class="flex overflow-hidden items-center w-auto max-w-full leading-none"
              >
                <span
                  class="react-loading-skeleton"
                  style="width: 1px; height: 16px;"
                >
                  ‌
                </span>
                <br />
              </span>
            </div>
          </td>
        </tr>
        <tr
          class="border-b border-dashed transition-colors duration-100 last:border-b-0 border-theme-secondary-300 group dark:border-theme-secondary-800"
          data-testid="TableRow"
        >
          <td
            class="flex-col py-4 px-6 space-y-4"
            data-testid="TransactionRow__skeleton__mobile"
          >
            <div
              class="flex justify-between items-center space-x-4"
            >
              <div
                class="relative m-0 font-semibold text-left select-none first:pl-0 last:pr-0 text-md group border-theme-secondary-300 text-theme-secondary-700 dark:border-theme-secondary-800 dark:text-theme-secondary-500"
              >
                Address
              </div>
              <span
                aria-busy="true"
                aria-live="polite"
                class="flex overflow-hidden items-center w-auto max-w-full leading-none"
              >
                <span
                  class="react-loading-skeleton"
                  style="width: 1px; height: 16px;"
                >
                  ‌
                </span>
                <br />
              </span>
            </div>
            <div
              class="flex justify-between items-center space-x-4"
            >
              <div
                class="relative m-0 font-semibold text-left select-none first:pl-0 last:pr-0 text-md group border-theme-secondary-300 text-theme-secondary-700 dark:border-theme-secondary-800 dark:text-theme-secondary-500"
              >
                Amount
              </div>
              <span
                aria-busy="true"
                aria-live="polite"
                class="flex overflow-hidden items-center w-auto max-w-full leading-none"
              >
                <span
                  class="react-loading-skeleton"
                  style="width: 1px; height: 16px;"
                >
                  ‌
                </span>
                <br />
              </span>
            </div>
          </td>
        </tr>
        <tr
          class="border-b border-dashed transition-colors duration-100 last:border-b-0 border-theme-secondary-300 group dark:border-theme-secondary-800"
          data-testid="TableRow"
        >
          <td
            class="flex-col py-4 px-6 space-y-4"
            data-testid="TransactionRow__skeleton__mobile"
          >
            <div
              class="flex justify-between items-center space-x-4"
            >
              <div
                class="relative m-0 font-semibold text-left select-none first:pl-0 last:pr-0 text-md group border-theme-secondary-300 text-theme-secondary-700 dark:border-theme-secondary-800 dark:text-theme-secondary-500"
              >
                Address
              </div>
              <span
                aria-busy="true"
                aria-live="polite"
                class="flex overflow-hidden items-center w-auto max-w-full leading-none"
              >
                <span
                  class="react-loading-skeleton"
                  style="width: 1px; height: 16px;"
                >
                  ‌
                </span>
                <br />
              </span>
            </div>
            <div
              class="flex justify-between items-center space-x-4"
            >
              <div
                class="relative m-0 font-semibold text-left select-none first:pl-0 last:pr-0 text-md group border-theme-secondary-300 text-theme-secondary-700 dark:border-theme-secondary-800 dark:text-theme-secondary-500"
              >
                Amount
              </div>
              <span
                aria-busy="true"
                aria-live="polite"
                class="flex overflow-hidden items-center w-auto max-w-full leading-none"
              >
                <span
                  class="react-loading-skeleton"
                  style="width: 1px; height: 16px;"
                >
                  ‌
                </span>
                <br />
              </span>
            </div>
          </td>
        </tr>
        <tr
          class="border-b border-dashed transition-colors duration-100 last:border-b-0 border-theme-secondary-300 group dark:border-theme-secondary-800"
          data-testid="TableRow"
        >
          <td
            class="flex-col py-4 px-6 space-y-4"
            data-testid="TransactionRow__skeleton__mobile"
          >
            <div
              class="flex justify-between items-center space-x-4"
            >
              <div
                class="relative m-0 font-semibold text-left select-none first:pl-0 last:pr-0 text-md group border-theme-secondary-300 text-theme-secondary-700 dark:border-theme-secondary-800 dark:text-theme-secondary-500"
              >
                Address
              </div>
              <span
                aria-busy="true"
                aria-live="polite"
                class="flex overflow-hidden items-center w-auto max-w-full leading-none"
              >
                <span
                  class="react-loading-skeleton"
                  style="width: 1px; height: 16px;"
                >
                  ‌
                </span>
                <br />
              </span>
            </div>
            <div
              class="flex justify-between items-center space-x-4"
            >
              <div
                class="relative m-0 font-semibold text-left select-none first:pl-0 last:pr-0 text-md group border-theme-secondary-300 text-theme-secondary-700 dark:border-theme-secondary-800 dark:text-theme-secondary-500"
              >
                Amount
              </div>
              <span
                aria-busy="true"
                aria-live="polite"
                class="flex overflow-hidden items-center w-auto max-w-full leading-none"
              >
                <span
                  class="react-loading-skeleton"
                  style="width: 1px; height: 16px;"
                >
                  ‌
                </span>
                <br />
              </span>
            </div>
          </td>
        </tr>
        <tr
          class="border-b border-dashed transition-colors duration-100 last:border-b-0 border-theme-secondary-300 group dark:border-theme-secondary-800"
          data-testid="TableRow"
        >
          <td
            class="flex-col py-4 px-6 space-y-4"
            data-testid="TransactionRow__skeleton__mobile"
          >
            <div
              class="flex justify-between items-center space-x-4"
            >
              <div
                class="relative m-0 font-semibold text-left select-none first:pl-0 last:pr-0 text-md group border-theme-secondary-300 text-theme-secondary-700 dark:border-theme-secondary-800 dark:text-theme-secondary-500"
              >
                Address
              </div>
              <span
                aria-busy="true"
                aria-live="polite"
                class="flex overflow-hidden items-center w-auto max-w-full leading-none"
              >
                <span
                  class="react-loading-skeleton"
                  style="width: 1px; height: 16px;"
                >
                  ‌
                </span>
                <br />
              </span>
            </div>
            <div
              class="flex justify-between items-center space-x-4"
            >
              <div
                class="relative m-0 font-semibold text-left select-none first:pl-0 last:pr-0 text-md group border-theme-secondary-300 text-theme-secondary-700 dark:border-theme-secondary-800 dark:text-theme-secondary-500"
              >
                Amount
              </div>
              <span
                aria-busy="true"
                aria-live="polite"
                class="flex overflow-hidden items-center w-auto max-w-full leading-none"
              >
                <span
                  class="react-loading-skeleton"
                  style="width: 1px; height: 16px;"
                >
                  ‌
                </span>
                <br />
              </span>
            </div>
          </td>
        </tr>
      </tbody>
    </table>
  </div>
</DocumentFragment>
`;
