// Vitest Snapshot v1, https://vitest.dev/guide/snapshot.html

exports[`EncryptPasswordStep > should change password 1`] = `[Function]`;

exports[`EncryptPasswordStep > should render 1`] = `[Function]`;

exports[`EncryptPasswordStep > should trigger password confirmation validation when password is entered 1`] = `
<DocumentFragment>
  <section
    data-testid="EncryptPassword"
  >
    <div
      class="flex items-end justify-between bg-theme-background hidden sm:block"
    >
      <div
        class="space-y-2"
      >
        <div
          class="flex items-center gap-3"
        >
          <div
            class="css-h1kfx5"
            data-testid="icon-WalletEncryptionLight"
            height="24"
            width="24"
          >
            <svg
              fill="none"
              viewBox="0 0 24 24"
              xmlns="http://www.w3.org/2000/svg"
            >
              <path
                d="M6 11V12"
                stroke="#235B95"
                stroke-linecap="round"
                stroke-linejoin="round"
                stroke-width="2"
              />
              <path
                d="M9.80208 6.86667V4.66667C9.79618 2.64407 8.15801 1.00591 6.13542 1V1C4.1126 1.00537 2.47412 2.64385 2.46875 4.66667V6.86667"
                stroke="#235B95"
                stroke-linecap="round"
                stroke-linejoin="round"
                stroke-width="2"
              />
              <path
                clip-rule="evenodd"
                d="M8.33594 17.1307C8.33594 16.3207 8.99259 15.6641 9.8026 15.6641H21.5359C22.346 15.6641 23.0026 16.3207 23.0026 17.1307V21.5307C23.0026 22.3407 22.346 22.9974 21.5359 22.9974H9.8026C8.99259 22.9974 8.33594 22.3407 8.33594 21.5307V17.1307Z"
                fill="#E6EFF9"
                fill-rule="evenodd"
                stroke="#235B95"
                stroke-linecap="round"
                stroke-linejoin="round"
                stroke-width="2"
              />
              <path
                d="M17.1328 20.0625H20.0661"
                stroke="#235B95"
                stroke-linecap="round"
                stroke-linejoin="round"
                stroke-width="2"
              />
              <path
                d="M14.2031 18.6016V20.0682"
                stroke="#235B95"
                stroke-linecap="round"
                stroke-linejoin="round"
                stroke-width="2"
              />
              <path
                d="M11.2656 18.6016V20.0682"
                stroke="#235B95"
                stroke-linecap="round"
                stroke-linejoin="round"
                stroke-width="2"
              />
              <path
                d="M11.2667 12.7339V8.33385C11.2667 7.52384 10.61 6.86719 9.8 6.86719H2.46667C1.65665 6.86719 1 7.52384 1 8.33385V14.2005C1 15.0105 1.65665 15.6672 2.46667 15.6672H5.4"
                stroke="#235B95"
                stroke-linecap="round"
                stroke-linejoin="round"
                stroke-width="2"
              />
            </svg>
          </div>
          <h1
            class="mb-0 text-2xl leading-[29px]"
            data-testid="header__title"
          >
            Encryption Password
          </h1>
        </div>
      </div>
    </div>
    <div
      class="flex flex-col overflow-hidden rounded-xl mt-4"
    >
      <div
        class="css-rzhg83"
      >
        <div
          class="css-v0ob3f"
          height="16"
          width="16"
        >
          <svg
            id="circle-exclamation-mark"
            viewBox="0 0 20 20"
            x="0"
            xml:space="preserve"
            xmlns="http://www.w3.org/2000/svg"
            y="0"
          >
            <g
              fill="none"
              stroke="currentColor"
              stroke-width="2"
            >
              <circle
                cx="10"
                cy="10"
                r="9"
                stroke-miterlimit="10"
              />
              <path
                d="M10 10.5v-5"
                stroke-linecap="round"
                stroke-miterlimit="10"
              />
              <path
                d="M10 14h0"
                stroke-linecap="round"
                stroke-linejoin="round"
              />
            </g>
          </svg>
        </div>
        <span>
          Warning
        </span>
      </div>
      <div
        class="css-trjt6n"
      >
        This password does not replace your mnemonic passphrase. You must ensure that your passphrase is properly recorded and backed up so that you do not lose access to your funds. You cannot use your encryption password to restore your profile, so it is vital that you have your mnemonic passphrase readily available should you run into any issues (such as losing access to your local profile or clearing your browser's cache).
      </div>
    </div>
    <div
      class="space-y-4 pt-4"
    >
      <fieldset
        class="flex min-w-0 flex-col css-1bcidjh"
      >
        <label
          class="FormLabel mb-2 flex text-sm font-semibold leading-[17px] text-theme-secondary-text transition-colors duration-100"
          data-testid="FormLabel"
          for="encryptionPassword"
        >
          Encryption Password
        </label>
        <div
          class="css-12mz4i6"
        >
          <div
            class="relative flex h-full flex-1"
          >
            <input
              aria-invalid="true"
              autocomplete="off"
              class="no-ligatures w-full border-none css-1vs1awz"
              data-testid="PasswordValidation__encryptionPassword"
              name="encryptionPassword"
              type="password"
              value=""
            />
          </div>
          <div
            class="flex items-center space-x-3 divide-x divide-theme-secondary-300 dark:divide-theme-secondary-800 text-theme-danger-500"
            data-testid="Input__addon-end"
          >
            <span
              data-testid="Input__error"
            >
              <div
                class="text-theme-danger-500 css-1i4b0eq"
                height="20"
                width="20"
              >
                <svg
                  id="circle-exclamation-mark"
                  viewBox="0 0 20 20"
                  x="0"
                  xml:space="preserve"
                  xmlns="http://www.w3.org/2000/svg"
                  y="0"
                >
                  <g
                    fill="none"
                    stroke="currentColor"
                    stroke-width="2"
                  >
                    <circle
                      cx="10"
                      cy="10"
                      r="9"
                      stroke-miterlimit="10"
                    />
                    <path
                      d="M10 10.5v-5"
                      stroke-linecap="round"
                      stroke-miterlimit="10"
                    />
                    <path
                      d="M10 14h0"
                      stroke-linecap="round"
                      stroke-linejoin="round"
                    />
                  </g>
                </svg>
              </div>
            </span>
            <div
              class="pl-3"
            >
              <button
                class="ring-focus relative flex h-full w-full items-center justify-center text-2xl focus:outline-none"
                data-ring-focus-margin="-m-1"
                data-testid="InputPassword__toggle"
                type="button"
              >
                <div
                  class="css-1i4b0eq"
                  height="20"
                  width="20"
                >
                  <svg
                    id="eye"
                    viewBox="0 0 20 20"
                    x="0"
                    xml:space="preserve"
                    xmlns="http://www.w3.org/2000/svg"
                    y="0"
                  >
                    <g
                      fill="none"
                      stroke="currentColor"
                      stroke-linecap="round"
                      stroke-linejoin="round"
                      stroke-width="2"
                    >
                      <path
                        d="M10 4.6c-3.2-.1-6.5 2.2-8.6 4.5-.5.5-.5 1.3 0 1.8 2 2.3 5.4 4.6 8.6 4.5 3.3-.1 6.5-2.3 8.6-4.5.5-.5.5-1.3 0-1.8-2.1-2.3-5.4-4.6-8.6-4.5z"
                      />
                      <path
                        d="M13 10c0 1.7-1.3 3-3 3s-3-1.3-3-3 1.3-3 3-3c1.2 0 3 .7 3 3z"
                      />
                    </g>
                  </svg>
                </div>
              </button>
            </div>
          </div>
        </div>
      </fieldset>
      <div
        class="space-y-4"
        data-testid="Rules"
      >
        <div
          class="flex items-center space-x-2"
        >
          <span
            class="flex h-5 w-5 shrink-0 items-center justify-center rounded-full text-theme-success-500 border-2 border-theme-secondary-600"
          />
          <span
            class="text-sm font-semibold text-theme-secondary-600"
          >
            One lowercase character
          </span>
        </div>
        <div
          class="flex items-center space-x-2"
        >
          <span
            class="flex h-5 w-5 shrink-0 items-center justify-center rounded-full text-theme-success-500 border-2 border-theme-secondary-600"
          />
          <span
            class="text-sm font-semibold text-theme-secondary-600"
          >
            One uppercase character
          </span>
        </div>
        <div
          class="flex items-center space-x-2"
        >
          <span
            class="flex h-5 w-5 shrink-0 items-center justify-center rounded-full text-theme-success-500 bg-theme-success-200 dark:bg-theme-success-900"
          >
            <div
              class="css-1w6w9jw"
              height="8"
              width="8"
            >
              <svg
                id="check-mark-small"
                viewBox="0 0 10 10"
                x="0"
                xml:space="preserve"
                xmlns="http://www.w3.org/2000/svg"
                y="0"
              >
                <path
                  d="M9 1L3.444 8.658c-.222.337-.666.45-1 .225l-.11-.113L1 7.194"
                  fill="none"
                  stroke="currentColor"
                  stroke-linecap="round"
                  stroke-linejoin="round"
                  stroke-width="2"
                />
              </svg>
            </div>
          </span>
          <span
            class="text-sm font-semibold text-theme-success-600"
          >
            One number
          </span>
        </div>
        <div
          class="flex items-center space-x-2"
        >
          <span
            class="flex h-5 w-5 shrink-0 items-center justify-center rounded-full text-theme-success-500 border-2 border-theme-secondary-600"
          />
          <span
            class="text-sm font-semibold text-theme-secondary-600"
          >
            One special character
          </span>
        </div>
        <div
          class="flex items-center space-x-2"
        >
          <span
            class="flex h-5 w-5 shrink-0 items-center justify-center rounded-full text-theme-success-500 border-2 border-theme-secondary-600"
          />
          <span
            class="text-sm font-semibold text-theme-secondary-600"
          >
            8 characters minimum
          </span>
        </div>
        <div
          class="flex items-center space-x-2"
        >
          <span
            class="flex h-5 w-5 shrink-0 items-center justify-center rounded-full text-theme-success-500 bg-theme-success-200 dark:bg-theme-success-900"
          >
            <div
              class="css-1w6w9jw"
              height="8"
              width="8"
            >
              <svg
                id="check-mark-small"
                viewBox="0 0 10 10"
                x="0"
                xml:space="preserve"
                xmlns="http://www.w3.org/2000/svg"
                y="0"
              >
                <path
                  d="M9 1L3.444 8.658c-.222.337-.666.45-1 .225l-.11-.113L1 7.194"
                  fill="none"
                  stroke="currentColor"
                  stroke-linecap="round"
                  stroke-linejoin="round"
                  stroke-width="2"
                />
              </svg>
            </div>
          </span>
          <span
            class="text-sm font-semibold text-theme-success-600"
          >
            No match in leaked database
          </span>
        </div>
      </div>
      <fieldset
        class="flex min-w-0 flex-col css-1bcidjh"
      >
        <label
          class="FormLabel mb-2 flex text-sm font-semibold leading-[17px] text-theme-secondary-text transition-colors duration-100"
          data-testid="FormLabel"
          for="confirmEncryptionPassword"
        >
          Confirm Encryption Password
        </label>
        <div
          class="css-n1b0kl"
        >
          <div
            class="relative flex h-full flex-1"
          >
            <input
              autocomplete="off"
              class="no-ligatures w-full border-none css-1vs1awz"
              data-testid="PasswordValidation__confirmEncryptionPassword"
              name="confirmEncryptionPassword"
              type="password"
              value=""
            />
          </div>
          <div
            class="flex items-center space-x-3 divide-x divide-theme-secondary-300 dark:divide-theme-secondary-800 text-theme-primary-300 dark:text-theme-secondary-600"
            data-testid="Input__addon-end"
          >
            <div
              class=""
            >
              <button
                class="ring-focus relative flex h-full w-full items-center justify-center text-2xl focus:outline-none"
                data-ring-focus-margin="-m-1"
                data-testid="InputPassword__toggle"
                type="button"
              >
                <div
                  class="css-1i4b0eq"
                  height="20"
                  width="20"
                >
                  <svg
                    id="eye"
                    viewBox="0 0 20 20"
                    x="0"
                    xml:space="preserve"
                    xmlns="http://www.w3.org/2000/svg"
                    y="0"
                  >
                    <g
                      fill="none"
                      stroke="currentColor"
                      stroke-linecap="round"
                      stroke-linejoin="round"
                      stroke-width="2"
                    >
                      <path
                        d="M10 4.6c-3.2-.1-6.5 2.2-8.6 4.5-.5.5-.5 1.3 0 1.8 2 2.3 5.4 4.6 8.6 4.5 3.3-.1 6.5-2.3 8.6-4.5.5-.5.5-1.3 0-1.8-2.1-2.3-5.4-4.6-8.6-4.5z"
                      />
                      <path
                        d="M13 10c0 1.7-1.3 3-3 3s-3-1.3-3-3 1.3-3 3-3c1.2 0 3 .7 3 3z"
                      />
                    </g>
                  </svg>
                </div>
              </button>
            </div>
          </div>
        </div>
      </fieldset>
    </div>
  </section>
</DocumentFragment>
`;
