// Vitest Snapshot v1, https://vitest.dev/guide/snapshot.html

exports[`SuccessStep > should render (lg) 1`] = `
<DocumentFragment>
  <section
    data-testid="CreateWallet__SuccessStep"
  >
    <div
      class="flex items-end justify-between bg-theme-background hidden sm:block"
    >
      <div
        class="space-y-2"
      >
        <div
          class="flex items-center gap-3"
        >
          <div
            class="text-theme-success-100 dark:text-theme-success-900 css-h1kfx5"
            data-testid="icon-Completed"
            height="24"
            width="24"
          >
            <svg
              fill="none"
              viewBox="0 0 24 24"
              xmlns="http://www.w3.org/2000/svg"
            >
              <circle
                cx="12"
                cy="12"
                fill="currentColor"
                r="11"
                stroke="#289548"
                stroke-linejoin="round"
                stroke-width="2"
              />
              <path
                d="M18.4034 8.26562L12.3234 16.4256C12.1634 16.5856 12.0034 16.7456 11.7634 16.7456C11.5234 16.7456 11.2834 16.6656 11.1234 16.5056L9.52344 14.9056"
                stroke="#289548"
                stroke-linecap="round"
                stroke-linejoin="round"
                stroke-width="2"
              />
              <path
                d="M5.59375 14.9766L7.19375 16.5766C7.35375 16.7366 7.51375 16.8166 7.75375 16.8166C7.83375 16.8166 7.99375 16.8166 8.07375 16.7366"
                stroke="#289548"
                stroke-linecap="round"
                stroke-linejoin="round"
                stroke-width="2"
              />
              <path
                d="M14.3912 8.26562L11.0312 12.7456"
                stroke="#289548"
                stroke-linecap="round"
                stroke-linejoin="round"
                stroke-width="2"
              />
            </svg>
          </div>
          <h1
            class="mb-0 text-2xl leading-[29px]"
            data-testid="header__title"
          >
            Completed
          </h1>
        </div>
        <div
          class="flex items-center leading-5 text-theme-secondary-text"
          data-testid="header__subtitle"
        >
          The wallet address has been successfully created.
        </div>
      </div>
    </div>
    <div
      class="mt-4 space-y-4"
    >
      <div
        data-testid="DetailWrapper"
      >
        <div
          class="border-l-2 border-x-theme-primary-400 bg-theme-secondary-100 px-3 py-2 dark:bg-black sm:border-none sm:bg-transparent sm:p-0 dark:sm:bg-transparent"
          data-testid="DetailLabel"
        >
          <div
            class="no-ligatures min-w-24 font-semibold text-theme-secondary-700 dark:text-theme-secondary-500 text-md leading-5"
            data-testid="DetailLabelText"
          >
            Addressing
          </div>
        </div>
        <div
          class="w-full break-words rounded-lg border-theme-secondary-300 p-3 dark:border-theme-secondary-800 sm:border sm:px-6 sm:py-5 [.condensed_&]:sm:py-4 mt-0 sm:mt-2"
        >
          <div
            class="mb-3 flex w-full items-center justify-between leading-5 sm:mb-0 sm:justify-start"
          >
            <div
              class="no-ligatures w-20 flex-shrink-0 text-sm font-semibold leading-[17px] text-theme-secondary-700 dark:text-theme-secondary-500 sm:text-base sm:leading-5"
            >
               Address 
            </div>
            <div
              class="flex overflow-hidden whitespace-nowrap items-center space-x-2 w-full !w-max sm:!w-full"
            >
              <span
                class="no-ligatures min-w-0 overflow-hidden leading-[17px] sm:leading-5 font-semibold text-base"
                data-testid="Address__address"
              >
                D8rr7B1d6TL6pf14LgMz4sKp1VBMs6YUYD
              </span>
              <button
                class="ring-focus relative focus:outline-none"
                data-ring-focus-margin="-m-1"
                data-testid="clipboard-icon__wrapper"
                type="button"
              >
                <div
                  class="text-theme-primary-400 hover:text-theme-primary-700 dark:text-theme-secondary-600 dark:hover:text-white css-v0ob3f"
                  height="16"
                  width="16"
                >
                  <svg
                    id="copy"
                    viewBox="0 0 20 20"
                    x="0"
                    xml:space="preserve"
                    xmlns="http://www.w3.org/2000/svg"
                    y="0"
                  >
                    <g
                      fill="none"
                      stroke="currentColor"
                      stroke-linecap="round"
                      stroke-linejoin="round"
                      stroke-width="2"
                    >
                      <path
                        d="M7 17.765C7 18.485 7.496 19 8.09 19h-.099 8.82c.694 0 1.189-.618 1.189-1.235V6.235C18 5.515 17.405 5 16.81 5h0-6.242c-.298 0-.595.103-.892.309l-2.379 2.47C7 8.09 7 8.397 7 8.706v9.059z"
                      />
                      <path
                        d="M13 5V2.235C13 1.515 12.405 1 11.81 1h0-6.242c-.298 0-.595.103-.892.309l-2.379 2.47C2 4.09 2 4.397 2 4.706v9.059C2 14.485 2.496 15 3.09 15h-.099H7"
                      />
                    </g>
                  </svg>
                </div>
              </button>
            </div>
          </div>
        </div>
      </div>
      <div
        data-testid="DetailWrapper"
      >
        <div
          class="border-l-2 border-x-theme-primary-400 bg-theme-secondary-100 px-3 py-2 dark:bg-black sm:border-none sm:bg-transparent sm:p-0 dark:sm:bg-transparent"
          data-testid="DetailLabel"
        >
          <div
            class="no-ligatures min-w-24 font-semibold text-theme-secondary-700 dark:text-theme-secondary-500 text-md leading-5"
            data-testid="DetailLabelText"
          >
            Wallet Name
          </div>
        </div>
        <div
          class="w-full break-words rounded-lg border-theme-secondary-300 p-3 dark:border-theme-secondary-800 sm:border sm:px-6 sm:py-5 [.condensed_&]:sm:py-4 mt-0 sm:mt-2"
        >
          <div
            class="flex w-full items-center justify-between sm:justify-start"
          >
            <div
              class="no-ligatures w-20 flex-shrink-0 text-sm font-semibold leading-[17px] text-theme-secondary-700 dark:text-theme-secondary-500 sm:text-base sm:leading-5"
            >
               Name
            </div>
            <div
              class="flex w-full min-w-0 items-center justify-end font-semibold leading-[17px] sm:justify-between sm:leading-5"
            >
              <div
                class="max-w-[calc(100%_-_80px)] flex-shrink-0 truncate sm:max-w-none"
              >
                 ARK Wallet 1 
              </div>
              <div
                class="flex h-5 items-center sm:hidden"
              >
                <div
                  class="border-theme-secondary-300 dark:border-theme-secondary-800 css-3y8nng"
                  type="vertical"
                />
              </div>
              <button
                class="text-base relative items-center inline-flex justify-center font-semibold leading-tight text-center transition-colors-shadow duration-100 ease-linear outline-none rounded focus:outline-none focus:ring-2 focus:ring-theme-primary-400 disabled:cursor-not-allowed border-none space-x-0 px-0 py-0 text-theme-navy-600"
                data-testid="CreateWallet__edit-alias"
                type="button"
              >
                <div
                  class="flex items-center space-x-2"
                >
                  <div
                    class="css-v0ob3f"
                    height="16"
                    width="16"
                  >
                    <svg
                      id="pencil"
                      viewBox="0 0 20 20"
                      x="0"
                      xml:space="preserve"
                      xmlns="http://www.w3.org/2000/svg"
                      y="0"
                    >
                      <path
                        d="M5.92 18.297L1 19l.703-4.72L14.054 1.828c1.105-1.104 2.913-1.104 4.118 0 1.104 1.105 1.104 2.913 0 4.118L5.92 18.297z"
                        fill="none"
                        stroke="currentColor"
                        stroke-linecap="round"
                        stroke-linejoin="round"
                        stroke-width="2"
                      />
                    </svg>
                  </div>
                  <span
                    class="leading-[17px] sm:leading-5"
                  >
                    Edit
                  </span>
                </div>
              </button>
            </div>
          </div>
        </div>
      </div>
    </div>
  </section>
</DocumentFragment>
`;

exports[`SuccessStep > should render (xs) 1`] = `
<DocumentFragment>
  <section
    data-testid="CreateWallet__SuccessStep"
  >
    <div
      class="flex items-end justify-between bg-theme-background hidden sm:block"
    >
      <div
        class="space-y-2"
      >
        <div
          class="flex items-center gap-3"
        >
          <div
            class="text-theme-success-100 dark:text-theme-success-900 css-h1kfx5"
            data-testid="icon-Completed"
            height="24"
            width="24"
          >
            <svg
              fill="none"
              viewBox="0 0 24 24"
              xmlns="http://www.w3.org/2000/svg"
            >
              <circle
                cx="12"
                cy="12"
                fill="currentColor"
                r="11"
                stroke="#289548"
                stroke-linejoin="round"
                stroke-width="2"
              />
              <path
                d="M18.4034 8.26562L12.3234 16.4256C12.1634 16.5856 12.0034 16.7456 11.7634 16.7456C11.5234 16.7456 11.2834 16.6656 11.1234 16.5056L9.52344 14.9056"
                stroke="#289548"
                stroke-linecap="round"
                stroke-linejoin="round"
                stroke-width="2"
              />
              <path
                d="M5.59375 14.9766L7.19375 16.5766C7.35375 16.7366 7.51375 16.8166 7.75375 16.8166C7.83375 16.8166 7.99375 16.8166 8.07375 16.7366"
                stroke="#289548"
                stroke-linecap="round"
                stroke-linejoin="round"
                stroke-width="2"
              />
              <path
                d="M14.3912 8.26562L11.0312 12.7456"
                stroke="#289548"
                stroke-linecap="round"
                stroke-linejoin="round"
                stroke-width="2"
              />
            </svg>
          </div>
          <h1
            class="mb-0 text-2xl leading-[29px]"
            data-testid="header__title"
          >
            Completed
          </h1>
        </div>
        <div
          class="flex items-center leading-5 text-theme-secondary-text"
          data-testid="header__subtitle"
        >
          The wallet address has been successfully created.
        </div>
      </div>
    </div>
    <div
      class="mt-4 space-y-4"
    >
      <div
        data-testid="DetailWrapper"
      >
        <div
          class="border-l-2 border-x-theme-primary-400 bg-theme-secondary-100 px-3 py-2 dark:bg-black sm:border-none sm:bg-transparent sm:p-0 dark:sm:bg-transparent"
          data-testid="DetailLabel"
        >
          <div
            class="no-ligatures min-w-24 font-semibold text-theme-secondary-700 dark:text-theme-secondary-500 text-md leading-5"
            data-testid="DetailLabelText"
          >
            Addressing
          </div>
        </div>
        <div
          class="w-full break-words rounded-lg border-theme-secondary-300 p-3 dark:border-theme-secondary-800 sm:border sm:px-6 sm:py-5 [.condensed_&]:sm:py-4 mt-0 sm:mt-2"
        >
          <div
            class="mb-3 flex w-full items-center justify-between leading-5 sm:mb-0 sm:justify-start"
          >
            <div
              class="no-ligatures w-20 flex-shrink-0 text-sm font-semibold leading-[17px] text-theme-secondary-700 dark:text-theme-secondary-500 sm:text-base sm:leading-5"
            >
               Address 
            </div>
            <div
              class="flex overflow-hidden whitespace-nowrap items-center space-x-2 w-full !w-max sm:!w-full"
            >
              <span
                class="no-ligatures min-w-0 overflow-hidden leading-[17px] sm:leading-5 font-semibold text-base"
                data-testid="Address__address"
              >
                D8rr7B1d6TL6pf14LgMz4sKp1VBMs6YUYD
              </span>
              <button
                class="ring-focus relative focus:outline-none"
                data-ring-focus-margin="-m-1"
                data-testid="clipboard-icon__wrapper"
                type="button"
              >
                <div
                  class="text-theme-primary-400 hover:text-theme-primary-700 dark:text-theme-secondary-600 dark:hover:text-white css-v0ob3f"
                  height="16"
                  width="16"
                >
                  <svg
                    id="copy"
                    viewBox="0 0 20 20"
                    x="0"
                    xml:space="preserve"
                    xmlns="http://www.w3.org/2000/svg"
                    y="0"
                  >
                    <g
                      fill="none"
                      stroke="currentColor"
                      stroke-linecap="round"
                      stroke-linejoin="round"
                      stroke-width="2"
                    >
                      <path
                        d="M7 17.765C7 18.485 7.496 19 8.09 19h-.099 8.82c.694 0 1.189-.618 1.189-1.235V6.235C18 5.515 17.405 5 16.81 5h0-6.242c-.298 0-.595.103-.892.309l-2.379 2.47C7 8.09 7 8.397 7 8.706v9.059z"
                      />
                      <path
                        d="M13 5V2.235C13 1.515 12.405 1 11.81 1h0-6.242c-.298 0-.595.103-.892.309l-2.379 2.47C2 4.09 2 4.397 2 4.706v9.059C2 14.485 2.496 15 3.09 15h-.099H7"
                      />
                    </g>
                  </svg>
                </div>
              </button>
            </div>
          </div>
        </div>
      </div>
      <div
        data-testid="DetailWrapper"
      >
        <div
          class="border-l-2 border-x-theme-primary-400 bg-theme-secondary-100 px-3 py-2 dark:bg-black sm:border-none sm:bg-transparent sm:p-0 dark:sm:bg-transparent"
          data-testid="DetailLabel"
        >
          <div
            class="no-ligatures min-w-24 font-semibold text-theme-secondary-700 dark:text-theme-secondary-500 text-md leading-5"
            data-testid="DetailLabelText"
          >
            Wallet Name
          </div>
        </div>
        <div
          class="w-full break-words rounded-lg border-theme-secondary-300 p-3 dark:border-theme-secondary-800 sm:border sm:px-6 sm:py-5 [.condensed_&]:sm:py-4 mt-0 sm:mt-2"
        >
          <div
            class="flex w-full items-center justify-between sm:justify-start"
          >
            <div
              class="no-ligatures w-20 flex-shrink-0 text-sm font-semibold leading-[17px] text-theme-secondary-700 dark:text-theme-secondary-500 sm:text-base sm:leading-5"
            >
               Name
            </div>
            <div
              class="flex w-full min-w-0 items-center justify-end font-semibold leading-[17px] sm:justify-between sm:leading-5"
            >
              <div
                class="max-w-[calc(100%_-_80px)] flex-shrink-0 truncate sm:max-w-none"
              >
                 ARK Wallet 1 
              </div>
              <div
                class="flex h-5 items-center sm:hidden"
              >
                <div
                  class="border-theme-secondary-300 dark:border-theme-secondary-800 css-3y8nng"
                  type="vertical"
                />
              </div>
              <button
                class="text-base relative items-center inline-flex justify-center font-semibold leading-tight text-center transition-colors-shadow duration-100 ease-linear outline-none rounded focus:outline-none focus:ring-2 focus:ring-theme-primary-400 disabled:cursor-not-allowed border-none space-x-0 px-0 py-0 text-theme-navy-600"
                data-testid="CreateWallet__edit-alias"
                type="button"
              >
                <div
                  class="flex items-center space-x-2"
                >
                  <div
                    class="css-v0ob3f"
                    height="16"
                    width="16"
                  >
                    <svg
                      id="pencil"
                      viewBox="0 0 20 20"
                      x="0"
                      xml:space="preserve"
                      xmlns="http://www.w3.org/2000/svg"
                      y="0"
                    >
                      <path
                        d="M5.92 18.297L1 19l.703-4.72L14.054 1.828c1.105-1.104 2.913-1.104 4.118 0 1.104 1.105 1.104 2.913 0 4.118L5.92 18.297z"
                        fill="none"
                        stroke="currentColor"
                        stroke-linecap="round"
                        stroke-linejoin="round"
                        stroke-width="2"
                      />
                    </svg>
                  </div>
                  <span
                    class="leading-[17px] sm:leading-5"
                  >
                    Edit
                  </span>
                </div>
              </button>
            </div>
          </div>
        </div>
      </div>
    </div>
  </section>
</DocumentFragment>
`;
