// Vitest Snapshot v1, https://vitest.dev/guide/snapshot.html

exports[`ClipboardIcon > should render with tooltip in the dark mode 1`] = `
<DocumentFragment>
  <span>
    <span
      aria-describedby="«r0»"
    >
      <button
        class="ring-focus relative cursor-pointer focus:outline-hidden"
        data-ring-focus-margin="-m-1"
        data-testid="clipboard-icon__wrapper"
        type="button"
      >
        <span>
          Hello!
        </span>
      </button>
    </span>
  </span>
</DocumentFragment>
`;
