// Vitest Snapshot v1, https://vitest.dev/guide/snapshot.html

exports[`InputDefault > should render a default input 1`] = `
<DocumentFragment>
  <div
    class="flex w-full appearance-none items-center space-x-2 rounded px-4 text-theme-text transition-colors duration-200 border border-theme-secondary-400 bg-theme-background focus-within:border-theme-primary-600 focus-within:ring-theme-primary-600 dark:border-theme-secondary-700 focus-within:ring-1 h-12 overflow-hidden sm:h-14"
  >
    <div
      class="relative flex h-full flex-1"
    >
      <input
        autocomplete="off"
        class="!bg-transparent !p-0 focus:shadow-none focus:outline-none focus:!ring-0 focus:!ring-transparent [&.shadow-none]:shadow-none no-ligatures w-full border-none !text-sm placeholder:text-theme-secondary-400 dark:placeholder:text-theme-secondary-700 sm:!text-base"
        data-testid="Input"
        type="text"
        value=""
      />
    </div>
  </div>
</DocumentFragment>
`;
