// Vitest Snapshot v1, https://vitest.dev/guide/snapshot.html

exports[`FeeField > should render 1`] = `
<DocumentFragment>
  <div
    class="relative"
    data-testid="InputFee"
  >
    <div
      class="absolute right-0 -mt-7"
    >
      <div
        class="flex items-center"
      >
        <button
          class="font-semibold select-none text-sm first:mr-2 last:ml-2 text-theme-secondary-700 dark:text-theme-secondary-200"
        >
          Simple
        </button>
        <label
          class="flex items-center cursor-pointer h-3"
        >
          <input
            class="toggle-input sr-only"
            type="checkbox"
          />
          <div
            class="toggle-handle relative inline-flex h-[5px] rounded-full bg-theme-primary-100 dark:bg-theme-secondary-800 w-6"
          >
            <span
              class="absolute top-1/2 -translate-y-1/2 rounded-full transition-all duration-200 ease-in-out bg-theme-primary-600 h-3 w-3 handle-inner"
            />
          </div>
        </label>
        <button
          class="font-semibold select-none text-theme-secondary-500 dark:text-theme-secondary-700 text-sm first:mr-2 last:ml-2"
        >
          Advanced
        </button>
      </div>
    </div>
    <div
      class="inline-flex w-full items-center space-x-3"
      data-testid="ButtonGroup"
      role="radiogroup"
    >
      <button
        aria-checked="false"
        aria-label="0.00357"
        class="flex h-full w-full items-center justify-center border-2 border-theme-primary-100 p-3 font-semibold text-theme-secondary-700 transition-colors duration-300 hover:border-theme-primary-100 hover:bg-theme-primary-100 hover:text-theme-primary-700 focus:outline-none focus:ring-2 focus:ring-theme-primary-400 disabled:cursor-not-allowed disabled:border disabled:border-theme-secondary-300 disabled:text-theme-secondary-500 aria-checked:border-theme-primary-600 aria-checked:bg-theme-primary-50 aria-checked:text-theme-primary-700 dark:border-theme-secondary-800 dark:text-theme-secondary-500 dark:hover:border-theme-secondary-800 dark:hover:bg-theme-secondary-800 dark:hover:text-theme-secondary-200 disabled:dark:border-theme-secondary-700 disabled:dark:text-theme-secondary-700 dark:aria-checked:cursor-default dark:aria-checked:bg-theme-primary-900 dark:aria-checked:text-theme-primary-50 rounded"
        data-testid="ButtonGroupOption"
        role="radio"
        type="button"
      >
        <div
          class="flex flex-col space-y-2"
        >
          <div>
            Slow
          </div>
          <span
            class="whitespace-nowrap text-sm"
            data-testid="Amount"
          >
            0.00357 DARK
          </span>
        </div>
      </button>
      <button
        aria-checked="true"
        aria-label="0.07320598"
        class="flex h-full w-full items-center justify-center border-2 border-theme-primary-100 p-3 font-semibold text-theme-secondary-700 transition-colors duration-300 hover:border-theme-primary-100 hover:bg-theme-primary-100 hover:text-theme-primary-700 focus:outline-none focus:ring-2 focus:ring-theme-primary-400 disabled:cursor-not-allowed disabled:border disabled:border-theme-secondary-300 disabled:text-theme-secondary-500 aria-checked:border-theme-primary-600 aria-checked:bg-theme-primary-50 aria-checked:text-theme-primary-700 dark:border-theme-secondary-800 dark:text-theme-secondary-500 dark:hover:border-theme-secondary-800 dark:hover:bg-theme-secondary-800 dark:hover:text-theme-secondary-200 disabled:dark:border-theme-secondary-700 disabled:dark:text-theme-secondary-700 dark:aria-checked:cursor-default dark:aria-checked:bg-theme-primary-900 dark:aria-checked:text-theme-primary-50 rounded"
        data-testid="ButtonGroupOption"
        role="radio"
        type="button"
      >
        <div
          class="flex flex-col space-y-2"
        >
          <div>
            Average
          </div>
          <span
            class="whitespace-nowrap text-sm"
            data-testid="Amount"
          >
            0.07320598 DARK
          </span>
        </div>
      </button>
      <button
        aria-checked="false"
        aria-label="0.1"
        class="flex h-full w-full items-center justify-center border-2 border-theme-primary-100 p-3 font-semibold text-theme-secondary-700 transition-colors duration-300 hover:border-theme-primary-100 hover:bg-theme-primary-100 hover:text-theme-primary-700 focus:outline-none focus:ring-2 focus:ring-theme-primary-400 disabled:cursor-not-allowed disabled:border disabled:border-theme-secondary-300 disabled:text-theme-secondary-500 aria-checked:border-theme-primary-600 aria-checked:bg-theme-primary-50 aria-checked:text-theme-primary-700 dark:border-theme-secondary-800 dark:text-theme-secondary-500 dark:hover:border-theme-secondary-800 dark:hover:bg-theme-secondary-800 dark:hover:text-theme-secondary-200 disabled:dark:border-theme-secondary-700 disabled:dark:text-theme-secondary-700 dark:aria-checked:cursor-default dark:aria-checked:bg-theme-primary-900 dark:aria-checked:text-theme-primary-50 rounded"
        data-testid="ButtonGroupOption"
        role="radio"
        type="button"
      >
        <div
          class="flex flex-col space-y-2"
        >
          <div>
            Fast
          </div>
          <span
            class="whitespace-nowrap text-sm"
            data-testid="Amount"
          >
            0.1 DARK
          </span>
        </div>
      </button>
    </div>
  </div>
</DocumentFragment>
`;
