// Vitest Snapshot v1, https://vitest.dev/guide/snapshot.html

exports[`Checkbox > should render 1`] = `
<div>
  <input
    class="w-5 h-5 bg-transparent !rounded cursor-pointer border-2 transition duration-150 ease-in-out focus:ring-offset-0 focus:ring-theme-primary-400 disabled:bg-theme-secondary-200 disabled:border-theme-secondary-300 disabled:cursor-not-allowed disabled:dark:bg-theme-secondary-800 disabled:dark:border-theme-secondary-600 [:not(:checked)]:border-theme-secondary-300 [:not(:checked)]:dark:border-theme-secondary-600 custom-checkbox text-theme-primary-600 hover:border-theme-primary-600 checked:hover:text-theme-primary-700"
    type="checkbox"
  />
</div>
`;

exports[`Checkbox > should render a danger color 1`] = `
<div>
  <input
    class="w-5 h-5 bg-transparent !rounded cursor-pointer border-2 transition duration-150 ease-in-out focus:ring-offset-0 focus:ring-theme-primary-400 disabled:bg-theme-secondary-200 disabled:border-theme-secondary-300 disabled:cursor-not-allowed disabled:dark:bg-theme-secondary-800 disabled:dark:border-theme-secondary-600 [:not(:checked)]:border-theme-secondary-300 [:not(:checked)]:dark:border-theme-secondary-600 custom-checkbox text-theme-danger-400 hover:border-theme-danger-400 checked:hover:text-theme-danger-500"
    type="checkbox"
  />
</div>
`;

exports[`Checkbox > should render a hint color 1`] = `
<div>
  <input
    class="w-5 h-5 bg-transparent !rounded cursor-pointer border-2 transition duration-150 ease-in-out focus:ring-offset-0 focus:ring-theme-primary-400 disabled:bg-theme-secondary-200 disabled:border-theme-secondary-300 disabled:cursor-not-allowed disabled:dark:bg-theme-secondary-800 disabled:dark:border-theme-secondary-600 [:not(:checked)]:border-theme-secondary-300 [:not(:checked)]:dark:border-theme-secondary-600 custom-checkbox text-theme-hint-500 hover:border-theme-hint-500"
    type="checkbox"
  />
</div>
`;

exports[`Checkbox > should render a info color 1`] = `
<div>
  <input
    class="w-5 h-5 bg-transparent !rounded cursor-pointer border-2 transition duration-150 ease-in-out focus:ring-offset-0 focus:ring-theme-primary-400 disabled:bg-theme-secondary-200 disabled:border-theme-secondary-300 disabled:cursor-not-allowed disabled:dark:bg-theme-secondary-800 disabled:dark:border-theme-secondary-600 [:not(:checked)]:border-theme-secondary-300 [:not(:checked)]:dark:border-theme-secondary-600 custom-checkbox text-theme-primary-600 hover:border-theme-primary-600"
    type="checkbox"
  />
</div>
`;

exports[`Checkbox > should render a success color 1`] = `
<div>
  <input
    class="w-5 h-5 bg-transparent !rounded cursor-pointer border-2 transition duration-150 ease-in-out focus:ring-offset-0 focus:ring-theme-primary-400 disabled:bg-theme-secondary-200 disabled:border-theme-secondary-300 disabled:cursor-not-allowed disabled:dark:bg-theme-secondary-800 disabled:dark:border-theme-secondary-600 [:not(:checked)]:border-theme-secondary-300 [:not(:checked)]:dark:border-theme-secondary-600 custom-checkbox text-theme-primary-600 hover:border-theme-primary-600 checked:hover:text-theme-primary-700"
    type="checkbox"
  />
</div>
`;

exports[`Checkbox > should render a warning color 1`] = `
<div>
  <input
    class="w-5 h-5 bg-transparent !rounded cursor-pointer border-2 transition duration-150 ease-in-out focus:ring-offset-0 focus:ring-theme-primary-400 disabled:bg-theme-secondary-200 disabled:border-theme-secondary-300 disabled:cursor-not-allowed disabled:dark:bg-theme-secondary-800 disabled:dark:border-theme-secondary-600 [:not(:checked)]:border-theme-secondary-300 [:not(:checked)]:dark:border-theme-secondary-600 custom-checkbox text-theme-warning-600 hover:border-theme-warning-600"
    type="checkbox"
  />
</div>
`;
