// Vitest Snapshot v1, https://vitest.dev/guide/snapshot.html

exports[`Checkbox > should render 1`] = `
<div>
  <input
    class="custom-checkbox !h-5 !w-5 cursor-pointer !rounded !border-2 transition duration-150 ease-in-out focus:!ring-theme-primary-400 focus:!ring-offset-0 disabled:cursor-not-allowed disabled:border-theme-secondary-300 disabled:bg-theme-secondary-200 disabled:dark:border-theme-dark-600 disabled:dark:bg-theme-dark-800 [&:not(:checked)]:border-theme-secondary-300 [&:not(:checked)]:!bg-transparent [&:not(:checked)]:dark:border-theme-dark-600 checked:text-theme-primary-600 checked:hover:text-theme-primary-700 [&:not(:checked)]:hover:border-theme-primary-600"
    type="checkbox"
  />
</div>
`;

exports[`Checkbox > should render a danger color 1`] = `
<div>
  <input
    class="custom-checkbox !h-5 !w-5 cursor-pointer !rounded !border-2 transition duration-150 ease-in-out focus:!ring-theme-primary-400 focus:!ring-offset-0 disabled:cursor-not-allowed disabled:border-theme-secondary-300 disabled:bg-theme-secondary-200 disabled:dark:border-theme-dark-600 disabled:dark:bg-theme-dark-800 [&:not(:checked)]:border-theme-secondary-300 [&:not(:checked)]:!bg-transparent [&:not(:checked)]:dark:border-theme-dark-600 checked:text-theme-danger-400 checked:hover:text-theme-danger-500 [&:not(:checked)]:hover:border-theme-danger-400"
    type="checkbox"
  />
</div>
`;

exports[`Checkbox > should render a hint color 1`] = `
<div>
  <input
    class="custom-checkbox !h-5 !w-5 cursor-pointer !rounded !border-2 transition duration-150 ease-in-out focus:!ring-theme-primary-400 focus:!ring-offset-0 disabled:cursor-not-allowed disabled:border-theme-secondary-300 disabled:bg-theme-secondary-200 disabled:dark:border-theme-dark-600 disabled:dark:bg-theme-dark-800 [&:not(:checked)]:border-theme-secondary-300 [&:not(:checked)]:!bg-transparent [&:not(:checked)]:dark:border-theme-dark-600 checked:text-theme-hint-500 [&:not(:checked)]:hover:border-theme-hint-500"
    type="checkbox"
  />
</div>
`;

exports[`Checkbox > should render a info color 1`] = `
<div>
  <input
    class="custom-checkbox !h-5 !w-5 cursor-pointer !rounded !border-2 transition duration-150 ease-in-out focus:!ring-theme-primary-400 focus:!ring-offset-0 disabled:cursor-not-allowed disabled:border-theme-secondary-300 disabled:bg-theme-secondary-200 disabled:dark:border-theme-dark-600 disabled:dark:bg-theme-dark-800 [&:not(:checked)]:border-theme-secondary-300 [&:not(:checked)]:!bg-transparent [&:not(:checked)]:dark:border-theme-dark-600 checked:text-theme-primary-600 [&:not(:checked)]:hover:border-theme-primary-600"
    type="checkbox"
  />
</div>
`;

exports[`Checkbox > should render a success color 1`] = `
<div>
  <input
    class="custom-checkbox !h-5 !w-5 cursor-pointer !rounded !border-2 transition duration-150 ease-in-out focus:!ring-theme-primary-400 focus:!ring-offset-0 disabled:cursor-not-allowed disabled:border-theme-secondary-300 disabled:bg-theme-secondary-200 disabled:dark:border-theme-dark-600 disabled:dark:bg-theme-dark-800 [&:not(:checked)]:border-theme-secondary-300 [&:not(:checked)]:!bg-transparent [&:not(:checked)]:dark:border-theme-dark-600 checked:text-theme-primary-600 checked:hover:text-theme-primary-700 [&:not(:checked)]:hover:border-theme-primary-600"
    type="checkbox"
  />
</div>
`;

exports[`Checkbox > should render a warning color 1`] = `
<div>
  <input
    class="custom-checkbox !h-5 !w-5 cursor-pointer !rounded !border-2 transition duration-150 ease-in-out focus:!ring-theme-primary-400 focus:!ring-offset-0 disabled:cursor-not-allowed disabled:border-theme-secondary-300 disabled:bg-theme-secondary-200 disabled:dark:border-theme-dark-600 disabled:dark:bg-theme-dark-800 [&:not(:checked)]:border-theme-secondary-300 [&:not(:checked)]:!bg-transparent [&:not(:checked)]:dark:border-theme-dark-600 checked:text-theme-warning-600 [&:not(:checked)]:hover:border-theme-warning-600"
    type="checkbox"
  />
</div>
`;
